Executable      : siesta
Version         : 5.4.2
Architecture    : x86_64
Compiler version: GNU-14.3.0
Compiler flags  : -march=nocona -mtune=haswell -ftree-vectorize -fPIC -fstack-protector-strong -fno-plt -O2 -ffunction-sections -pipe -isystem <prefix>/include -I<prefix>/_build_env/include -fdebug-prefix-map=<prefix>/work=/usr/local/src/conda/siesta-5.4.2 -fdebug-prefix-map=<prefix>=/usr/local/src/conda-prefix -I<prefix>/lib -fallow-argument-mismatch -O3
Parallelisations: none
NetCDF support
NetCDF-4 support
Lua support
DFT-D3 support

Runtime information:
* Directory : /home/UAB/1666829/Documents/stm/run
* Running in serial mode.
>> Start of run:   7-MAY-2026  11:40:15

                           *********************** 
                           *  WELCOME TO SIESTA  * 
                           *********************** 

 NOTE: Siesta V5 introduces some new defaults for basis-set generation
 NOTE: which might lead to slightly different numerical results.
 NOTE: Please see the manual for full details and compatibility measures.


reinit: Reading from file stm.fdf

reinit: -----------------------------------------------------------------------
reinit: System Name: 
reinit: -----------------------------------------------------------------------
reinit: System Label: optimization
reinit: -----------------------------------------------------------------------

initatom: Reading input for the pseudopotentials and atomic orbitals ----------
Species number:   1 Atomic number:    6 Label: C
Species number:   2 Atomic number:    1 Label: H

Ground state valence configuration (from tables):   2s02  2p02  3d00  4f00
Ground state valence configuration (from tables):   1s01  2p00  3d00  4f00

---- Processing specs for species: C
Reading pseudopotential information in PSML from:
  C.psml
PSML file version: 1.1
Using libxc ids:  101 130
GGA--PBE XC_GGA_X_PBE--XC_GGA_C_PBE pb
PSML uuid: 297821e0-be41-11e7-6802-e1ff7dfff095

---- Processing specs for species: H
Reading pseudopotential information in PSML from:
  H.psml
PSML file version: 1.1
Using libxc ids:  101 130
GGA--PBE XC_GGA_X_PBE--XC_GGA_C_PBE pb
PSML uuid: f95fa9b0-be40-11e7-634a-9594ffff953f

---- Pseudopotential check for C 

Pseudized shells:
2s( 2.00) rc: 1.20
2p( 2.00) rc: 1.26
Valence configuration for ps generation: 2s:2p: Total charge:   4.000000

---- Pseudopotential check for H 

Pseudized shells:
1s( 1.00) rc: 1.01
2p( 0.00) rc: 0.71
Valence configuration for ps generation: 1s: Total charge:   1.000000
For C, standard SIESTA heuristics set lmxkb to 3
 (one more than the basis l, including polarization orbitals).
Use PS.lmax or PS.KBprojectors blocks to override.
For H, standard SIESTA heuristics set lmxkb to 2
 (one more than the basis l, including polarization orbitals).
Use PS.lmax or PS.KBprojectors blocks to override.
C pseudopotential only contains V_ls up to l=1 -- lmxkb reset.
H pseudopotential only contains V_ls up to l=1 -- lmxkb reset.

<basis_specs>
===============================================================================
C                    Z=   6    Mass=  12.011        Charge= 0.17977+309
Lmxo=2 Lmxkb= 1    BasisType=split      Semic=F
L=0  Nsemic=0  Cnfigmx=2
          i=1  nzeta=2  polorb=0  (2s)
            splnorm:   0.15000    
               vcte:    40.000    
               rinn:  -0.90000    
               qcoe:    0.0000    
               qyuk:    0.0000    
               qwid:   0.10000E-01
                rcs:    0.0000      0.0000    
            lambdas:    1.0000      1.0000    
L=1  Nsemic=0  Cnfigmx=2
          i=1  nzeta=2  polorb=1  (2p)  (to be polarized perturbatively)
            splnorm:   0.15000    
               vcte:    40.000    
               rinn:  -0.90000    
               qcoe:    0.0000    
               qyuk:    0.0000    
               qwid:   0.10000E-01
                rcs:    0.0000      0.0000    
            lambdas:    1.0000      1.0000    
L=2  Nsemic=0  Cnfigmx=3
          i=1  nzeta=0  polorb=0  (3d)  (perturbative polarization orbital) (from 2p)
-------------------------------------------------------------------------------
L=0  Nkbl=1  erefs: 0.17977+309
L=1  Nkbl=1  erefs: 0.17977+309
===============================================================================
</basis_specs>

Using PAO.SplitTailNorm
atom: Called for C                     (Z =   6)
NOTE: C pseudopotential has channels up to l= 1
NOTE: PAOs with higher l will be generated with V_local
Maximum radius (at nrval) set to   50.00000 8518

read_vps: Pseudopotential generation method:
read_vps: ONCVPSP-3.Hamann's oncvpsp                        
Valence charge in pseudo generation:    4.00000

read_vps: Pseudopotential includes a core correction:
read_vps: Pseudo-core for xc-correction

xc_check: Exchange-correlation functional:
xc_check: GGA Perdew, Burke & Ernzerhof 1996
Got Vlocal (oncv-fit) from psml data
Choosing vlocal chloc cutoff:  4.122282
qtot up to nchloc:    4.00001153
atom: Maximum radius for chlocal:    4.12228
atom: Maximum radius for r*vlocal+2*Zval:    4.12228
Reading KB projs from C psml data
Using scalar-relativistic projectors in PSML file

PSML: Kleinman-Bylander projectors: 
   l= 0   rc=  1.219773   Ekb= 12.963096
   l= 0   rc=  1.219773   Ekb=  0.771007
   l= 1   rc=  1.278952   Ekb= -8.399923
   l= 1   rc=  1.278952   Ekb= -1.755033

PSML: Total number of  Kleinman-Bylander projectors:   8
atom: -------------------------------------------------------------------------

atom: SANKEY-TYPE ORBITALS:
atom: Selected multiple-zeta basis: split     

SPLIT: Orbitals with angular momentum L= 0

SPLIT: Basis orbitals for state 2s

SPLIT: PAO cut-off radius determined from an
SPLIT: energy shift=  0.000735 Ry
Split based on tail norm

   izeta = 1
                 lambda =    1.000000
                     rc =    5.865727
                 energy =   -1.009782
                kinetic =    0.907850
    potential(screened) =   -1.917632
       potential(ionic) =   -5.443189

   izeta = 2
                 rmatch =    3.302919
              splitnorm =    0.150000
                 energy =   -0.812047
                kinetic =    1.580868
    potential(screened) =   -2.392915
       potential(ionic) =   -6.200698

SPLIT: Orbitals with angular momentum L= 1

SPLIT: Basis orbitals for state 2p

SPLIT: PAO cut-off radius determined from an
SPLIT: energy shift=  0.000735 Ry
Split based on tail norm

   izeta = 1
                 lambda =    1.000000
                     rc =    7.564822
                 energy =   -0.387582
                kinetic =    2.372253
    potential(screened) =   -2.759835
       potential(ionic) =   -6.120604

   izeta = 2
                 rmatch =    4.252389
              splitnorm =    0.150000
                 energy =   -0.314961
                kinetic =    3.225377
    potential(screened) =   -3.540338
       potential(ionic) =   -7.207912
*Note: V_local used for l= 2

** Using vlocal for PAOs with L= 2

POLgen: Perturbative polarization orbital with L=  2

POLgen: Polarization orbital for state 2p
*Note: V_local used for lpol= 2

** Using vlocal for PAOs with L= 2
Split based on tail norm

   izeta = 1
                     rc =    7.564822
                 energy =    0.923681
                kinetic =    1.875515
    potential(screened) =   -0.951834
       potential(ionic) =   -3.587740
atom: Total number of Sankey-type orbitals: 13

atm_pop: Valence configuration (for local Pseudopot. screening):
 2s( 2.00)                                                            
 2p( 2.00)                                                            
 3d( 0.00)                                                            
Vna: chval, zval:    4.00000   4.00000

Vna:  Cut-off radius for the neutral-atom potential:   7.564822
comcore: Pseudo-core radius Rcore=  1.671741

atom: _________________________________________________________________________

<basis_specs>
===============================================================================
H                    Z=   1    Mass=  1.0080        Charge= 0.17977+309
Lmxo=1 Lmxkb= 1    BasisType=split      Semic=F
L=0  Nsemic=0  Cnfigmx=1
          i=1  nzeta=2  polorb=1  (1s)  (to be polarized perturbatively)
            splnorm:   0.15000    
               vcte:    40.000    
               rinn:  -0.90000    
               qcoe:    0.0000    
               qyuk:    0.0000    
               qwid:   0.10000E-01
                rcs:    0.0000      0.0000    
            lambdas:    1.0000      1.0000    
L=1  Nsemic=0  Cnfigmx=2
          i=1  nzeta=0  polorb=0  (2p)  (perturbative polarization orbital) (from 1s)
-------------------------------------------------------------------------------
L=0  Nkbl=1  erefs: 0.17977+309
L=1  Nkbl=1  erefs: 0.17977+309
===============================================================================
</basis_specs>

Using PAO.SplitTailNorm
atom: Called for H                     (Z =   1)
Maximum radius (at nrval) set to   50.00000 8518

read_vps: Pseudopotential generation method:
read_vps: ONCVPSP-3.Hamann's oncvpsp                        
Valence charge in pseudo generation:    1.00000

xc_check: Exchange-correlation functional:
xc_check: GGA Perdew, Burke & Ernzerhof 1996
Got Vlocal (oncv-fit) from psml data
Choosing vlocal chloc cutoff:  1.926399
qtot up to nchloc:    0.99999831
atom: Maximum radius for chlocal:    1.92640
atom: Maximum radius for r*vlocal+2*Zval:    1.92640
Reading KB projs from H psml data
Using scalar-relativistic projectors in PSML file

PSML: Kleinman-Bylander projectors: 
   l= 0   rc=  1.022342   Ekb= -3.402247
   l= 0   rc=  1.022342   Ekb= -1.068968
   l= 1   rc=  0.714575   Ekb= -1.006642

PSML: Total number of  Kleinman-Bylander projectors:   5
atom: -------------------------------------------------------------------------

atom: SANKEY-TYPE ORBITALS:
atom: Selected multiple-zeta basis: split     

SPLIT: Orbitals with angular momentum L= 0

SPLIT: Basis orbitals for state 1s

SPLIT: PAO cut-off radius determined from an
SPLIT: energy shift=  0.000735 Ry
Split based on tail norm

   izeta = 1
                 lambda =    1.000000
                     rc =    7.238756
                 energy =   -0.476315
                kinetic =    0.887622
    potential(screened) =   -1.363936
       potential(ionic) =   -1.882865

   izeta = 2
                 rmatch =    4.044510
              splitnorm =    0.150000
                 energy =   -0.376652
                kinetic =    1.480380
    potential(screened) =   -1.857033
       potential(ionic) =   -2.405174

POLgen: Perturbative polarization orbital with L=  1

POLgen: Polarization orbital for state 1s
Split based on tail norm

   izeta = 1
                     rc =    7.238756
                 energy =    0.508786
                kinetic =    1.081322
    potential(screened) =   -0.572537
       potential(ionic) =   -1.035092
atom: Total number of Sankey-type orbitals:  5

atm_pop: Valence configuration (for local Pseudopot. screening):
 1s( 1.00)                                                            
 2p( 0.00)                                                            
Vna: chval, zval:    1.00000   1.00000

Vna:  Cut-off radius for the neutral-atom potential:   7.238756

atom: _________________________________________________________________________

prinput: Basis input 

PAO.BasisType split     

%block ChemicalSpeciesLabel
    1    6 C                       # Species index, atomic number, species label
    2    1 H                       # Species index, atomic number, species label
%endblock ChemicalSpeciesLabel

%block PAO.Basis                 # Define Basis set
# WARNING: This information might be incomplete!
C                     2                    # Species label, number of l-shells
 n=2   0   2                         # n, l, Nzeta 
   5.866      3.303   
   1.000      1.000   
 n=2   1   2 P   1                   # n, l, Nzeta, Polarization, NzetaPol
   7.565      4.252   
   1.000      1.000   
H                     1                    # Species label, number of l-shells
 n=1   0   2 P   1                   # n, l, Nzeta, Polarization, NzetaPol
   7.239      4.045   
   1.000      1.000   
%endblock PAO.Basis

prinput: ----------------------------------------------------------------------

Dumping basis to NetCDF file C.ion.nc
Dumping basis to NetCDF file H.ion.nc
coor:   Atomic-coordinates input format  =     Cartesian coordinates
coor:                                          (in Angstroms)

siesta: Atomic coordinates (Bohr) and species
siesta:     15.55276  14.57077   9.44863  1        1
siesta:     17.38364  15.62462   9.44863  2        2
siesta:     13.22808  15.91523   9.44863  1        3
siesta:     13.22808  18.02926   9.44863  2        4
siesta:     10.90341  14.57077   9.44863  1        5
siesta:      9.07253  15.62462   9.44863  2        6
siesta:     10.90341  11.88540   9.44863  1        7
siesta:      9.07253  10.83154   9.44863  2        8
siesta:     13.22808  10.54094   9.44863  1        9
siesta:     13.22808   8.42690   9.44863  2       10
siesta:     15.55276  11.88540   9.44863  1       11
siesta:     17.38364  10.83154   9.44863  2       12

siesta: System type = molecule  

initatomlists: Number of atoms, orbitals, and projectors:     12   108    78

siesta: ******************** Simulation parameters ****************************
siesta:
siesta: The following are some of the parameters of the simulation.
siesta: A complete list of the parameters used, including default values,
siesta: can be found in file out.fdf
siesta:
redata: Spin configuration                          = none
redata: Number of spin components                   = 1
redata: Time-Reversal Symmetry                      = T
redata: Spin spiral                                 = F
redata: Long output                                 =   F
redata: Number of Atomic Species                    =        2
redata: Charge density info will appear in .RHO file
redata: Write Mulliken charges (when)               = none
redata: Write Mulliken Pop.                         = NO
redata: Write Hirshfeld charges (when)              = none
redata: Write Voronoi charges (when)                = none
redata: Write spin charge (when)                    = none
redata: Matel table size (NRTAB)                    =     1024
redata: Mesh Cutoff                                 =   300.0000 Ry
redata: Net charge of the system                    =     0.0000 |e|
redata: Min. number of SCF Iter                     =        0
redata: Max. number of SCF Iter                     =     1000
redata: SCF convergence failure will abort job
redata: SCF mix quantity                            = Hamiltonian
redata: Mix DM or H after convergence               =   F
redata: Recompute H after scf cycle                 =   F
redata: Mix DM in first SCF step                    =   T
redata: Write Pulay info on disk                    =   F
redata: New DM Occupancy tolerance                  = 0.000000000001
redata: No kicks to SCF
redata: DM Mixing Weight for Kicks                  =     0.5000
redata: Require Harris convergence for SCF          =   F
redata: Harris energy tolerance for SCF             =     0.000100 eV
redata: Require DM convergence for SCF              =   T
redata: DM tolerance for SCF                        =     0.000100
redata: Require EDM convergence for SCF             =   F
redata: EDM tolerance for SCF                       =     0.001000 eV
redata: Require H convergence for SCF               =   T
redata: Hamiltonian tolerance for SCF               =     0.001000 eV
redata: Require (free) Energy convergence for SCF   =   F
redata: (free) Energy tolerance for SCF             =     0.000100 eV
redata: Using DFT-D3 dispersion                     =   F
redata: Using Saved Data (generic)                  =   F
redata: Use continuation files for DM               =   T
redata: Neglect nonoverlap interactions             =   F
redata: Method of Calculation                       = Diagonalization
redata: Electronic Temperature                      =   300.0000 K
redata: Fix the spin of the system                  =   F
redata: Max. number of TDED Iter                    =        1
redata: Number of TDED substeps                     =        3
redata: Dynamics option                             = Single-point calculation
mix.SCF: Pulay mixing                            = Pulay
mix.SCF:    Variant                              = stable
mix.SCF:    History steps                        = 2
mix.SCF:    Linear mixing weight                 =     0.250000
mix.SCF:    Mixing weight                        =     0.250000
mix.SCF:    SVD condition                        = 0.1000E-07
redata: Save all siesta data in one NC              =   F
redata: ***********************************************************************

%block SCF.Mixers
  Pulay
%endblock SCF.Mixers

%block SCF.Mixer.Pulay
  # Mixing method
  method pulay
  variant stable

  # Mixing options
  weight 0.2500
  weight.linear 0.2500
  history 2
%endblock SCF.Mixer.Pulay

DM_history_depth set to one: no extrapolation allowed by default for geometry relaxation
Size of DM history Fstack: 1
Total number of electrons:    30.000000
Total ionic charge:    30.000000

siesta: k-grid: Number of k-points = 1
siesta: k-point is Gamma-only

diag: Algorithm                                     = D&C
diag: Used triangular part                          = Lower
diag: Absolute tolerance                            =  0.100E-15
diag: Orthogonalization factor                      =  0.100E-05
diag: Memory factor                                 =  1.0000


ts: **************************************************************
ts: Save H and S matrices                           =    F
ts: Save TSHS files in MD/FC simulation             =    F
ts: Save DM and EDM matrices                        =    F
ts: Only save the overlap matrix S                  =    F
ts: **************************************************************

************************ Begin: TS CHECKS AND WARNINGS ************************
************************ End: TS CHECKS AND WARNINGS **************************


                     ====================================
                        Single-point calculation
                     ====================================

outcell: Unit cell vectors (Ang):
       14.000000    0.000000    0.000000
        0.000000   14.000000    0.000000
        0.000000    0.000000   10.000000

outcell: Cell vector modules (Ang)   :   14.000000   14.000000   10.000000
outcell: Cell angles (23,13,12) (deg):     90.0000     90.0000     90.0000
outcell: Cell volume (Ang**3)        :   1960.0000
<dSpData1D:S at geom step 0
  <sparsity:sparsity for geom step 0
    nrows_g=108 nrows=108 sparsity=.9985 nnzs=11646, refcount: 7>
  <dData1D:(new from dSpData1D) n=11646, refcount: 1>
refcount: 1>
new_DM -- step:     1
Initializing Density Matrix...

Attempting to read DM from file... Failed...
DM filled with atomic data:
<dSpData2D:DM initialized from atoms
  <sparsity:sparsity for geom step 0
    nrows_g=108 nrows=108 sparsity=.9985 nnzs=11646, refcount: 8>
  <dData2D:DM n=11646 m=1, refcount: 1>
refcount: 1>
No. of atoms with KB's overlaping orbs in proc 0. Max # of overlaps:      12     102

InitMesh: MESH = 150 x 150 x 108 = 2430000
InitMesh: Mesh cutoff (required, used) =   300.000   317.270 Ry
New grid distribution [1]: sub = 2

stepf: Fermi-Dirac step function

siesta: Program's energy decomposition (eV):
siesta: Ebs     =      -266.149612
siesta: Eions   =      1878.650660
siesta: Ena     =       557.977709
siesta: Ekin    =       781.516086
siesta: Enl     =       -47.820697
siesta: Eso     =         0.000000
siesta: Edftu   =         0.000000
siesta: DEna    =       -85.705907
siesta: DUscf   =        11.579608
siesta: DUext   =         0.000000
siesta: Ex      =      -377.021054
siesta: Ec      =       -34.285542
siesta: Exc     =      -411.306596
siesta: EbV     =         0.000000
siesta: eta*DQ  =         0.000000
siesta: Emadel  =         0.000000
siesta: Emeta   =         0.000000
siesta: Emolmec =         0.000000
siesta: Ekinion =         0.000000
siesta: Eharris =     -1071.815972
siesta: Etot    =     -1072.410458
siesta: FreeEng =     -1072.410458

        iscf     Eharris(eV)        E_KS(eV)     FreeEng(eV)     dDmax    Ef(eV) dHmax(eV)
   scf:    1    -1071.815972    -1072.410458    -1072.410458  1.964380 -9.373685  8.804460
timer: Routine,Calls,Time,% = IterSCF        1       1.209  30.35
   scf:    2    -1077.307134    -1075.133588    -1075.133588  0.109713 -7.200377  4.573377
   scf:    3    -1076.253547    -1075.974992    -1075.974992  0.121210 -4.992079  0.776702
   scf:    4    -1076.054120    -1076.018448    -1076.018448  0.009597 -5.004035  0.531598
   scf:    5    -1076.043804    -1076.032526    -1076.032526  0.008441 -4.957719  0.299642
   scf:    6    -1076.038821    -1076.036007    -1076.036007  0.007133 -4.875505  0.114160
   scf:    7    -1076.036657    -1076.036401    -1076.036401  0.004561 -4.800806  0.025892
   scf:    8    -1076.036630    -1076.036528    -1076.036528  0.000374 -4.795377  0.018608
   scf:    9    -1076.036596    -1076.036566    -1076.036566  0.000469 -4.794368  0.010361
   scf:   10    -1076.036578    -1076.036573    -1076.036573  0.000305 -4.795659  0.005556
   scf:   11    -1076.036575    -1076.036574    -1076.036574  0.000355 -4.797766  0.001104
   scf:   12    -1076.036574    -1076.036574    -1076.036574  0.000034 -4.798174  0.000492

SCF Convergence by DM+H criterion
max |DM_out - DM_in|         :     0.0000335219
max |H_out - H_in|      (eV) :     0.0004919558
SCF cycle converged after 12 iterations

Using DM_out to compute the final energy and forces
No. of atoms with KB's overlaping orbs in proc 0. Max # of overlaps:      12     102

siesta: E_KS(eV) =            -1076.0366

siesta: E_KS - E_eggbox =     -1076.0366

siesta: Atomic forces (eV/Ang):
----------------------------------------
   Tot    0.000000   -0.000000   -0.000000
----------------------------------------
   Max    0.013484
   Res    0.006175    sqrt( Sum f_i^2 / 3N )
----------------------------------------
   Max    0.013484    constrained

Stress tensor Voigt[x,y,z,yz,xz,xy] (kbar):       -0.10       -0.02       -0.01       -0.00       -0.00       -0.00
(Free)E + p*V (eV/cell)    -1075.9877
Target enthalpy (eV/cell)    -1076.0366

siesta: Program's energy decomposition (eV):
siesta: Ebs     =      -365.243465
siesta: Eions   =      1878.650660
siesta: Ena     =       557.977709
siesta: Ekin    =       730.351351
siesta: Enl     =       -41.387929
siesta: Eso     =         0.000000
siesta: Edftu   =         0.000000
siesta: DEna    =       -49.678006
siesta: DUscf   =         4.835083
siesta: DUext   =         0.000000
siesta: Ex      =      -365.931665
siesta: Ec      =       -33.552457
siesta: Exc     =      -399.484122
siesta: EbV     =         0.000000
siesta: eta*DQ  =         0.000000
siesta: Emadel  =         0.000000
siesta: Emeta   =         0.000000
siesta: Emolmec =         0.000000
siesta: Ekinion =         0.000000
siesta: Eharris =     -1076.036574
siesta: Etot    =     -1076.036574
siesta: FreeEng =     -1076.036574

siesta: Final energy (eV):
siesta:  Band Struct. =    -365.243465
siesta:       Kinetic =     730.351351
siesta:       Hartree =    2126.341845
siesta:         Edftu =       0.000000
siesta:       Eso     =       0.000000
siesta:    Ext. field =       0.000000
siesta:         Exch. =    -365.931665
siesta:         Corr. =     -33.552457
siesta:     Bulk bias =       0.000000
siesta:   Exch.-corr. =    -399.484122
siesta:  Ion-electron =   -4901.682616
siesta:       Ion-ion =    1368.436968
siesta:       Ekinion =       0.000000
siesta: D3 dispersion =       0.000000
siesta:         Total =   -1076.036574
siesta:         Fermi =      -4.798174

siesta: Stress tensor (static) (eV/Ang**3):
siesta:    -0.000061   -0.000000    0.000000
siesta:    -0.000000   -0.000010   -0.000000
siesta:    -0.000000   -0.000000   -0.000004

siesta: Cell volume =       1960.000000 Ang**3

siesta: Pressure (static):
siesta:                Solid            Molecule  Units
siesta:           0.00000027          0.00000006  Ry/Bohr**3
siesta:           0.00002494          0.00000511  eV/Ang**3
siesta:           0.03996034          0.00818172  kBar

Basis Enthalpy Calculation:
    Basis Pressure for species 1(C) :      0.0200000 GPa
    Basis Pressure for species 2(H) :      0.0200000 GPa

    Orbital volume contribution        =           0.932290 eV
    (Free)E + p_basis*V_orbitals       =       -1075.104284 eV
    (Free)Eharris+ p_basis*V_orbitals  =       -1075.104284 eV
WARNING: BASIS_ENTHALPY and BASIS_HARRIS_ENTHALPY files are deprecated. They will be removed in future releases.
Please use system_label.BASIS_ENTHALPY in your scripts instead.

siesta: Electric dipole (a.u.)  =    0.000000    0.000000   -0.000000
siesta: Electric dipole (Debye) =    0.000000    0.000000   -0.000000

cite: Please indicate the Siesta version in published work: 5.4.2
cite: This calculation has made use of features in the following articles
cite: which we encourage you to cite in published work.
cite: (Please see "optimization.bib" for a BibTeX file.)
        Primary SIESTA paper
          DOI: www.doi.org/10.1088/0953-8984/14/11/302
        PSML pseudopotential format
          DOI: www.doi.org/10.1016/j.cpc.2018.02.011


timer: Elapsed wall time (sec) =      19.938
timer: CPU execution times (sec):

Routine            Calls   Time/call    Tot.time        %
siesta                 1      19.902      19.902   100.00
Setup                  1       0.108       0.108     0.54
bands                  1       0.000       0.000     0.00
KSV_init               1       0.000       0.000     0.00
IterGeom               1      19.782      19.782    99.39
geom_init              1       2.668       2.668    13.40
state_init             1       0.221       0.221     1.11
hsparse                1       0.000       0.000     0.00
overlap                1       0.001       0.001     0.01
Setup_H0               1       1.246       1.246     6.26
naefs                  2       0.000       0.000     0.00
dnaefs                 1       0.000       0.000     0.00
two-body               1       0.000       0.000     0.00
MolMec                 2       0.000       0.000     0.00
kinefsm                2       0.002       0.003     0.02
nlefsm                 2       0.005       0.010     0.05
DHSCF_Init             1       1.242       1.242     6.24
DHSCF1                 1       0.034       0.034     0.17
InitMesh               1       0.034       0.034     0.17
INITMESH               1       0.000       0.000     0.00
DHSCF2                 1       1.208       1.208     6.07
REMESH                 1       0.059       0.059     0.30
REORD                 43       0.003       0.125     0.63
PHION                  1       0.910       0.910     4.57
COMM_BSC              59       0.002       0.128     0.65
POISON                15       0.093       1.396     7.02
fft                   30       0.033       0.999     5.02
setup_H               13       1.201      15.610    78.43
DHSCF                 14       1.304      18.254    91.72
DHSCF3                14       1.199      16.780    84.31
rhoofd                14       0.359       5.023    25.24
XC                    14       0.447       6.257    31.44
GXC-CellXC            14       0.434       6.082    30.56
gridxc@cellXC         14       0.434       6.082    30.56
vmat                  14       0.258       3.607    18.12
IterSCF               12       1.203      14.438    72.54
compute_dm            12       0.002       0.025     0.12
diagon                12       0.002       0.024     0.12
r-eigvec              12       0.002       0.020     0.10
r-buildHS             12       0.000       0.000     0.00
rdiag                 12       0.002       0.020     0.10
rdiag1                12       0.000       0.001     0.00
rdiag2                12       0.000       0.002     0.01
rdiag3                12       0.001       0.012     0.06
rdiag4                12       0.000       0.004     0.02
r-buildD              12       0.000       0.004     0.02
MIXER                 11       0.000       0.001     0.00
PostSCF                1       2.676       2.676    13.44
FINAL_HF               1       2.676       2.676    13.44
DHSCF4                 1       1.474       1.474     7.41
dfscf                  1       1.304       1.304     6.55
overfsm                1       0.002       0.002     0.01
writeHSX               1       0.000       0.000     0.00
state_analysis         1       0.000       0.000     0.00
siesta_move            1       0.000       0.000     0.00
Analysis               1       0.000       0.000     0.00
optical                1       0.000       0.000     0.00
  

>> End of run:   7-MAY-2026  11:40:35
Job completed
Job completed
